******************************************************************************
                  TI ARM Linker PC v20.2.7                     
******************************************************************************
>> Linked Mon Feb 20 19:31:11 2023

OUTPUT FILE NAME:   <EECE2527 Project Master.out>
ENTRY POINT SYMBOL: "_c_int00_noargs"  address: 00000711


MEMORY CONFIGURATION

         name            origin    length      used     unused   attr    fill
----------------------  --------  ---------  --------  --------  ----  --------
  FLASH                 00000000   00040000  000007e4  0003f81c  R  X
  SRAM                  20000000   00008000  00000201  00007dff  RW X


SEGMENT ALLOCATION MAP

run origin  load origin   length   init length attrs members
----------  ----------- ---------- ----------- ----- -------
00000000    00000000    000007e8   000007e8    r-x
  00000000    00000000    0000026c   0000026c    r-- .intvecs
  0000026c    0000026c    00000560   00000560    r-x .text
  000007d0    000007d0    00000018   00000018    r-- .cinit
20000000    20000000    00000201   00000000    rw-
  20000000    20000000    00000200   00000000    rw- .stack
  20000200    20000200    00000001   00000000    rw- .data


SECTION ALLOCATION MAP

 output                                  attributes/
section   page    origin      length       input sections
--------  ----  ----------  ----------   ----------------
.intvecs   0    00000000    0000026c     
                  00000000    0000026c     tm4c123gh6pm_startup_ccs.obj (.intvecs)

.text      0    0000026c    00000560     
                  0000026c    00000132     driverlib.lib : gpio.obj (.text:GPIOPadConfigSet)
                  0000039e    00000002     --HOLE-- [fill = 0]
                  000003a0    000000f4                   : sysctl.obj (.text:SysCtlClockSet)
                  00000494    000000c8     main.obj (.text)
                  0000055c    0000009c     rtsv7M4_T_le_v4SPD16_eabi.lib : memcpy_t2.asm.obj (.text)
                  000005f8    00000068                                   : copy_decompress_lzss.c.obj (.text:decompress:lzss:__TI_decompress_lzss)
                  00000660    00000044                                   : autoinit.c.obj (.text:__TI_auto_init_nobinit_nopinit:__TI_auto_init_nobinit_nopinit)
                  000006a4    00000038     driverlib.lib : sysctl.obj (.text:SysCtlPeripheralReady)
                  000006dc    00000034                   : sysctl.obj (.text:SysCtlPeripheralEnable)
                  00000710    00000034     rtsv7M4_T_le_v4SPD16_eabi.lib : boot_cortex_m.c.obj (.text:_c_int00_noargs:_c_int00_noargs)
                  00000744    0000002a     driverlib.lib : gpio.obj (.text:GPIODirModeSet)
                  0000076e    00000018                   : gpio.obj (.text:GPIOPinTypeGPIOOutput)
                  00000786    00000012                   : gpio.obj (.text:GPIOPinTypeGPIOInput)
                  00000798    0000000e     rtsv7M4_T_le_v4SPD16_eabi.lib : copy_decompress_none.c.obj (.text:decompress:none:__TI_decompress_none)
                  000007a6    0000000c     tm4c123gh6pm_startup_ccs.obj (.text)
                  000007b2    00000006     driverlib.lib : gpio.obj (.text:GPIOPinRead)
                  000007b8    00000006                   : gpio.obj (.text:GPIOPinWrite)
                  000007be    00000006                   : sysctl.obj (.text:SysCtlDelay)
                  000007c4    00000004     rtsv7M4_T_le_v4SPD16_eabi.lib : pre_init.c.obj (.text:_system_pre_init)
                  000007c8    00000004                                   : exit.c.obj (.text:abort:abort)

.cinit     0    000007d0    00000018     
                  000007d0    00000008     (__TI_handler_table)
                  000007d8    00000005     (.cinit..data.load) [load image, compression = lzss]
                  000007dd    00000003     --HOLE-- [fill = 0]
                  000007e0    00000008     (__TI_cinit_table)

.init_array 
*          0    00000000    00000000     UNINITIALIZED

.data      0    20000200    00000001     UNINITIALIZED
                  20000200    00000001     main.obj (.data)

.stack     0    20000000    00000200     UNINITIALIZED
                  20000000    00000004     rtsv7M4_T_le_v4SPD16_eabi.lib : boot_cortex_m.c.obj (.stack)
                  20000004    000001fc     --HOLE--

__llvm_prf_cnts 
*          0    20000000    00000000     UNINITIALIZED

MODULE SUMMARY

       Module                         code   ro data   rw data
       ------                         ----   -------   -------
    .\
       tm4c123gh6pm_startup_ccs.obj   12     620       0      
       main.obj                       200    0         1      
    +--+------------------------------+------+---------+---------+
       Total:                         212    620       1      
                                                              
    C:/ti/tivaware_c_series_2_1_4_178/driverlib/ccs/Debug/driverlib.lib
       gpio.obj                       402    0         0      
       sysctl.obj                     358    0         0      
    +--+------------------------------+------+---------+---------+
       Total:                         760    0         0      
                                                              
    C:\ti\ccs1210\ccs\tools\compiler\ti-cgt-arm_20.2.7.LTS\lib\rtsv7M4_T_le_v4SPD16_eabi.lib
       memcpy_t2.asm.obj              156    0         0      
       copy_decompress_lzss.c.obj     104    0         0      
       autoinit.c.obj                 68     0         0      
       boot_cortex_m.c.obj            52     0         0      
       copy_decompress_none.c.obj     14     0         0      
       exit.c.obj                     4      0         0      
       pre_init.c.obj                 4      0         0      
    +--+------------------------------+------+---------+---------+
       Total:                         402    0         0      
                                                              
       Stack:                         0      0         512    
       Linker Generated:              0      21        0      
    +--+------------------------------+------+---------+---------+
       Grand Total:                   1374   641       513    


LINKER GENERATED COPY TABLES

__TI_cinit_table @ 000007e0 records: 1, size/record: 8, table size: 8
	.data: load addr=000007d8, load size=00000005 bytes, run addr=20000200, run size=00000001 bytes, compression=lzss


LINKER GENERATED HANDLER TABLE

__TI_handler_table @ 000007d0 records: 2, size/record: 4, table size: 8
	index: 0, handler: __TI_decompress_lzss
	index: 1, handler: __TI_decompress_none


GLOBAL SYMBOLS: SORTED ALPHABETICALLY BY Name 

address   name                          
-------   ----                          
000007c9  C$$EXIT                       
00000745  GPIODirModeSet                
0000026d  GPIOPadConfigSet              
000007b3  GPIOPinRead                   
00000787  GPIOPinTypeGPIOInput          
0000076f  GPIOPinTypeGPIOOutput         
000007b9  GPIOPinWrite                  
000007a7  ResetISR                      
000003a1  SysCtlClockSet                
000007bf  SysCtlDelay                   
000006dd  SysCtlPeripheralEnable        
000006a5  SysCtlPeripheralReady         
20000200  __STACK_END                   
00000200  __STACK_SIZE                  
20000200  __STACK_TOP                   
000007e0  __TI_CINIT_Base               
000007e8  __TI_CINIT_Limit              
000007d0  __TI_Handler_Table_Base       
000007d8  __TI_Handler_Table_Limit      
00000661  __TI_auto_init_nobinit_nopinit
000005f9  __TI_decompress_lzss          
00000799  __TI_decompress_none          
ffffffff  __TI_pprof_out_hndl           
ffffffff  __TI_prof_data_size           
ffffffff  __TI_prof_data_start          
00000000  __TI_static_base__            
0000055d  __aeabi_memcpy                
0000055d  __aeabi_memcpy4               
0000055d  __aeabi_memcpy8               
ffffffff  __binit__                     
ffffffff  __c_args__                    
UNDEFED   __mpu_init                    
20000000  __stack                       
20000000  __start___llvm_prf_cnts       
20000000  __stop___llvm_prf_cnts        
00000711  _c_int00_noargs               
UNDEFED   _system_post_cinit            
000007c5  _system_pre_init              
000007c9  abort                         
ffffffff  binit                         
00000000  g_pfnVectors                  
00000495  main                          
0000055d  memcpy                        
20000200  sw1                           


GLOBAL SYMBOLS: SORTED BY Symbol Address 

address   name                          
-------   ----                          
00000000  __TI_static_base__            
00000000  g_pfnVectors                  
00000200  __STACK_SIZE                  
0000026d  GPIOPadConfigSet              
000003a1  SysCtlClockSet                
00000495  main                          
0000055d  __aeabi_memcpy                
0000055d  __aeabi_memcpy4               
0000055d  __aeabi_memcpy8               
0000055d  memcpy                        
000005f9  __TI_decompress_lzss          
00000661  __TI_auto_init_nobinit_nopinit
000006a5  SysCtlPeripheralReady         
000006dd  SysCtlPeripheralEnable        
00000711  _c_int00_noargs               
00000745  GPIODirModeSet                
0000076f  GPIOPinTypeGPIOOutput         
00000787  GPIOPinTypeGPIOInput          
00000799  __TI_decompress_none          
000007a7  ResetISR                      
000007b3  GPIOPinRead                   
000007b9  GPIOPinWrite                  
000007bf  SysCtlDelay                   
000007c5  _system_pre_init              
000007c9  C$$EXIT                       
000007c9  abort                         
000007d0  __TI_Handler_Table_Base       
000007d8  __TI_Handler_Table_Limit      
000007e0  __TI_CINIT_Base               
000007e8  __TI_CINIT_Limit              
20000000  __stack                       
20000000  __start___llvm_prf_cnts       
20000000  __stop___llvm_prf_cnts        
20000200  __STACK_END                   
20000200  __STACK_TOP                   
20000200  sw1                           
ffffffff  __TI_pprof_out_hndl           
ffffffff  __TI_prof_data_size           
ffffffff  __TI_prof_data_start          
ffffffff  __binit__                     
ffffffff  __c_args__                    
ffffffff  binit                         
UNDEFED   __mpu_init                    
UNDEFED   _system_post_cinit            

[44 symbols]
